// Jest Snapshot v1, https://goo.gl/fbAQLP

exports[`/api/behandlingsstatus svarer med behandlingsstatus UnderBehandling med 1 søknad og 0 vedtak 1`] = `"{\\"status\\":\\"UnderBehandling\\",\\"antallSøknader\\":1,\\"antallVedtak\\":0}"`;

exports[`/api/behandlingsstatus svarer med behandlingsstatus UnderOgFerdigBehandlet med 1 søknad og 1 vedtak 1`] = `"{\\"status\\":\\"UnderOgFerdigBehandlet\\",\\"antallSøknader\\":1,\\"antallVedtak\\":1}"`;

exports[`/api/behandlingsstatus svarer med behandlingsstatus null uten vedtak og søknad 1`] = `"{\\"status\\":null,\\"antallSøknader\\":0,\\"antallVedtak\\":0}"`;
