// Jest Snapshot v1, https://goo.gl/fbAQLP

exports[`/api/dokumenter svarer med en liste dokumenter 1`] = `
Array [
  Object {
    "dato": "2018-01-01T12:00:00",
    "dokumenter": Array [
      Object {
        "links": Array [
          Object {
            "href": "/api/dokumenter/429111291/undefined/forhandsvisning",
            "rel": "preview",
            "type": "GET",
          },
        ],
        "tittel": "MASKERT_FELT",
      },
    ],
    "id": "429111291",
    "tema": "DAG",
    "tittel": "MASKERT_FELT",
  },
  Object {
    "dato": "2018-01-01T12:00:00",
    "dokumenter": Array [
      Object {
        "id": "441007131",
        "links": Array [
          Object {
            "href": "/api/dokumenter/429108246/441007131/forhandsvisning",
            "rel": "preview",
            "type": "GET",
          },
        ],
        "tittel": "MASKERT_FELT",
      },
    ],
    "id": "429108246",
    "tema": "DAG",
    "tittel": "MASKERT_FELT",
  },
  Object {
    "dato": "2018-01-01T12:00:00",
    "dokumenter": Array [
      Object {
        "id": "440831549",
        "links": Array [
          Object {
            "href": "/api/dokumenter/428965411/440831549/forhandsvisning",
            "rel": "preview",
            "type": "GET",
          },
        ],
        "tittel": "MASKERT_FELT",
      },
      Object {
        "id": "440831548",
        "links": Array [
          Object {
            "href": "/api/dokumenter/428965411/440831548/forhandsvisning",
            "rel": "preview",
            "type": "GET",
          },
        ],
        "tittel": "MASKERT_FELT",
      },
    ],
    "id": "428965411",
    "tema": "DAG",
    "tittel": "MASKERT_FELT",
  },
  Object {
    "dato": "2018-01-01T12:00:00",
    "dokumenter": Array [
      Object {
        "links": Array [
          Object {
            "href": "/api/dokumenter/429111291/undefined/forhandsvisning",
            "rel": "preview",
            "type": "GET",
          },
        ],
        "tittel": "MASKERT_FELT",
      },
    ],
    "id": "429111291",
    "tema": "OPP",
    "tittel": "MASKERT_FELT",
  },
  Object {
    "dato": "2018-01-01T12:00:00",
    "dokumenter": Array [
      Object {
        "id": "441007131",
        "links": Array [
          Object {
            "href": "/api/dokumenter/429108246/441007131/forhandsvisning",
            "rel": "preview",
            "type": "GET",
          },
        ],
        "tittel": "MASKERT_FELT",
      },
    ],
    "id": "429108246",
    "tema": "OPP",
    "tittel": "MASKERT_FELT",
  },
  Object {
    "dato": "2018-01-01T12:00:00",
    "dokumenter": Array [
      Object {
        "id": "440831549",
        "links": Array [
          Object {
            "href": "/api/dokumenter/428965411/440831549/forhandsvisning",
            "rel": "preview",
            "type": "GET",
          },
        ],
        "tittel": "MASKERT_FELT",
      },
      Object {
        "id": "440831548",
        "links": Array [
          Object {
            "href": "/api/dokumenter/428965411/440831548/forhandsvisning",
            "rel": "preview",
            "type": "GET",
          },
        ],
        "tittel": "MASKERT_FELT",
      },
    ],
    "id": "428965411",
    "tema": "OPP",
    "tittel": "MASKERT_FELT",
  },
]
`;
